// Jest Snapshot v1, https://goo.gl/fbAQLP

exports[`renders correctly 1`] = `
<div
  className="fade alert alert-danger show"
  role="alert"
>
   
  AMessage
   
  
</div>
`;
